Usando la configuración de inicio de /home/sebastian/Proyectos/ARJE-ModuloAtencionCiudadana/Sistema/API/Properties/launchSettings.json...
Compilando...
/home/sebastian/Proyectos/ARJE-ModuloAtencionCiudadana/Sistema/API/ARJE.Api.csproj : warning NU1903: Package 'AutoMapper' 13.0.1 has a known high severity vulnerability, https://github.com/advisories/GHSA-rvv3-g6hj-g44x
/home/sebastian/Proyectos/ARJE-ModuloAtencionCiudadana/Sistema/API/ARJE.Api.csproj : warning NU1903: Package 'AutoMapper' 13.0.1 has a known high severity vulnerability, https://github.com/advisories/GHSA-rvv3-g6hj-g44x
warn: Microsoft.EntityFrameworkCore.Model.Validation[20601]
      The 'EstatusReporte' property 'Estatus' on entity type 'Reporte' is configured with a database-generated default, but has no configured sentinel value. The database-generated default will always be used for inserts when the property has the value '0', since this is the CLR default for the 'EstatusReporte' type. Consider using a nullable type, using a nullable backing field, or setting the sentinel value for the property to ensure the database default is used when, and only when, appropriate. See https://aka.ms/efcore-docs-default-values for more information.
info: Microsoft.EntityFrameworkCore.Database.Command[20101]
      Executed DbCommand (10ms) [Parameters=[], CommandType='Text', CommandTimeout='30']
      SELECT COUNT(*) FROM "sqlite_master" WHERE "name" = '__EFMigrationsHistory' AND "type" = 'table';
info: Microsoft.EntityFrameworkCore.Database.Command[20101]
      Executed DbCommand (0ms) [Parameters=[], CommandType='Text', CommandTimeout='30']
      SELECT COUNT(*) FROM "sqlite_master" WHERE "name" = '__EFMigrationsHistory' AND "type" = 'table';
info: Microsoft.EntityFrameworkCore.Database.Command[20101]
      Executed DbCommand (1ms) [Parameters=[], CommandType='Text', CommandTimeout='30']
      SELECT "MigrationId", "ProductVersion"
      FROM "__EFMigrationsHistory"
      ORDER BY "MigrationId";
info: Microsoft.EntityFrameworkCore.Migrations[20405]
      No migrations were applied. The database is already up to date.
info: Microsoft.Hosting.Lifetime[14]
      Now listening on: http://0.0.0.0:5170
info: Microsoft.Hosting.Lifetime[0]
      Application started. Press Ctrl+C to shut down.
info: Microsoft.Hosting.Lifetime[0]
      Hosting environment: Development
info: Microsoft.Hosting.Lifetime[0]
      Content root path: /home/sebastian/Proyectos/ARJE-ModuloAtencionCiudadana/Sistema/API
info: Microsoft.Hosting.Lifetime[0]
      Application is shutting down...
